<?xml version="1.0" encoding="ISO-8859-1" ?>
<link_info>
   <banner>MSP430 Linker PC v21.6.0.LTS</banner>
   <copyright>Copyright (c) 2003-2018 Texas Instruments Incorporated</copyright>
   <link_time>0x63d16c17</link_time>
   <link_errors>0x1</link_errors>
   <output_file>METER.out</output_file>
   <entry_point>
      <name>_c_int00_noargs</name>
      <address>0xdf0a</address>
   </entry_point>
   <input_file_list>
      <input_file id="fl-2">
         <path>.\</path>
         <kind>object</kind>
         <file>adc2.obj</file>
         <name>adc2.obj</name>
      </input_file>
      <input_file id="fl-3">
         <path>.\</path>
         <kind>object</kind>
         <file>clocking.obj</file>
         <name>clocking.obj</name>
      </input_file>
      <input_file id="fl-4">
         <path>.\</path>
         <kind>object</kind>
         <file>gpiom.obj</file>
         <name>gpiom.obj</name>
      </input_file>
      <input_file id="fl-5">
         <path>.\</path>
         <kind>object</kind>
         <file>main.obj</file>
         <name>main.obj</name>
      </input_file>
      <input_file id="fl-6">
         <path>.\</path>
         <kind>object</kind>
         <file>timming.obj</file>
         <name>timming.obj</name>
      </input_file>
      <input_file id="fl-7">
         <path>.\</path>
         <kind>object</kind>
         <file>timming2.obj</file>
         <name>timming2.obj</name>
      </input_file>
      <input_file id="fl-c">
         <kind>object</kind>
         <file>&lt;internal&gt;</file>
         <name>&lt;internal&gt;</name>
      </input_file>
      <input_file id="fl-22">
         <path>C:\ti\ccs1120\ccs\tools\compiler\ti-cgt-msp430_21.6.0.LTS\lib\</path>
         <kind>archive</kind>
         <file>rts430x_lc_sd_eabi.lib</file>
         <name>e_sqrt.c.obj</name>
      </input_file>
      <input_file id="fl-23">
         <path>C:\ti\ccs1120\ccs\tools\compiler\ti-cgt-msp430_21.6.0.LTS\lib\</path>
         <kind>archive</kind>
         <file>rts430x_lc_sd_eabi.lib</file>
         <name>div32u.asm.obj</name>
      </input_file>
      <input_file id="fl-24">
         <path>C:\ti\ccs1120\ccs\tools\compiler\ti-cgt-msp430_21.6.0.LTS\lib\</path>
         <kind>archive</kind>
         <file>rts430x_lc_sd_eabi.lib</file>
         <name>fs_add.asm.obj</name>
      </input_file>
      <input_file id="fl-25">
         <path>C:\ti\ccs1120\ccs\tools\compiler\ti-cgt-msp430_21.6.0.LTS\lib\</path>
         <kind>archive</kind>
         <file>rts430x_lc_sd_eabi.lib</file>
         <name>fs_itof.asm.obj</name>
      </input_file>
      <input_file id="fl-26">
         <path>C:\ti\ccs1120\ccs\tools\compiler\ti-cgt-msp430_21.6.0.LTS\lib\</path>
         <kind>archive</kind>
         <file>rts430x_lc_sd_eabi.lib</file>
         <name>fs_mpy.asm.obj</name>
      </input_file>
      <input_file id="fl-27">
         <path>C:\ti\ccs1120\ccs\tools\compiler\ti-cgt-msp430_21.6.0.LTS\lib\</path>
         <kind>archive</kind>
         <file>rts430x_lc_sd_eabi.lib</file>
         <name>fs_toul.asm.obj</name>
      </input_file>
      <input_file id="fl-28">
         <path>C:\ti\ccs1120\ccs\tools\compiler\ti-cgt-msp430_21.6.0.LTS\lib\</path>
         <kind>archive</kind>
         <file>rts430x_lc_sd_eabi.lib</file>
         <name>fs_ultof.asm.obj</name>
      </input_file>
      <input_file id="fl-29">
         <path>C:\ti\ccs1120\ccs\tools\compiler\ti-cgt-msp430_21.6.0.LTS\lib\</path>
         <kind>archive</kind>
         <file>rts430x_lc_sd_eabi.lib</file>
         <name>int45.asm.obj</name>
      </input_file>
      <input_file id="fl-2a">
         <path>C:\ti\ccs1120\ccs\tools\compiler\ti-cgt-msp430_21.6.0.LTS\lib\</path>
         <kind>archive</kind>
         <file>rts430x_lc_sd_eabi.lib</file>
         <name>int46.asm.obj</name>
      </input_file>
      <input_file id="fl-2b">
         <path>C:\ti\ccs1120\ccs\tools\compiler\ti-cgt-msp430_21.6.0.LTS\lib\</path>
         <kind>archive</kind>
         <file>rts430x_lc_sd_eabi.lib</file>
         <name>int47.asm.obj</name>
      </input_file>
      <input_file id="fl-2c">
         <path>C:\ti\ccs1120\ccs\tools\compiler\ti-cgt-msp430_21.6.0.LTS\lib\</path>
         <kind>archive</kind>
         <file>rts430x_lc_sd_eabi.lib</file>
         <name>int49.asm.obj</name>
      </input_file>
      <input_file id="fl-2d">
         <path>C:\ti\ccs1120\ccs\tools\compiler\ti-cgt-msp430_21.6.0.LTS\lib\</path>
         <kind>archive</kind>
         <file>rts430x_lc_sd_eabi.lib</file>
         <name>int50.asm.obj</name>
      </input_file>
      <input_file id="fl-2e">
         <path>C:\ti\ccs1120\ccs\tools\compiler\ti-cgt-msp430_21.6.0.LTS\lib\</path>
         <kind>archive</kind>
         <file>rts430x_lc_sd_eabi.lib</file>
         <name>int51.asm.obj</name>
      </input_file>
      <input_file id="fl-2f">
         <path>C:\ti\ccs1120\ccs\tools\compiler\ti-cgt-msp430_21.6.0.LTS\lib\</path>
         <kind>archive</kind>
         <file>rts430x_lc_sd_eabi.lib</file>
         <name>int52.asm.obj</name>
      </input_file>
      <input_file id="fl-30">
         <path>C:\ti\ccs1120\ccs\tools\compiler\ti-cgt-msp430_21.6.0.LTS\lib\</path>
         <kind>archive</kind>
         <file>rts430x_lc_sd_eabi.lib</file>
         <name>int55.asm.obj</name>
      </input_file>
      <input_file id="fl-31">
         <path>C:\ti\ccs1120\ccs\tools\compiler\ti-cgt-msp430_21.6.0.LTS\lib\</path>
         <kind>archive</kind>
         <file>rts430x_lc_sd_eabi.lib</file>
         <name>int57.asm.obj</name>
      </input_file>
      <input_file id="fl-32">
         <path>C:\ti\ccs1120\ccs\tools\compiler\ti-cgt-msp430_21.6.0.LTS\lib\</path>
         <kind>archive</kind>
         <file>rts430x_lc_sd_eabi.lib</file>
         <name>int58.asm.obj</name>
      </input_file>
      <input_file id="fl-33">
         <path>C:\ti\ccs1120\ccs\tools\compiler\ti-cgt-msp430_21.6.0.LTS\lib\</path>
         <kind>archive</kind>
         <file>rts430x_lc_sd_eabi.lib</file>
         <name>isr_trap.asm.obj</name>
      </input_file>
      <input_file id="fl-34">
         <path>C:\ti\ccs1120\ccs\tools\compiler\ti-cgt-msp430_21.6.0.LTS\lib\</path>
         <kind>archive</kind>
         <file>rts430x_lc_sd_eabi.lib</file>
         <name>lsl32.asm.obj</name>
      </input_file>
      <input_file id="fl-35">
         <path>C:\ti\ccs1120\ccs\tools\compiler\ti-cgt-msp430_21.6.0.LTS\lib\</path>
         <kind>archive</kind>
         <file>rts430x_lc_sd_eabi.lib</file>
         <name>lsr32.asm.obj</name>
      </input_file>
      <input_file id="fl-36">
         <path>C:\ti\ccs1120\ccs\tools\compiler\ti-cgt-msp430_21.6.0.LTS\lib\</path>
         <kind>archive</kind>
         <file>rts430x_lc_sd_eabi.lib</file>
         <name>boot.c.obj</name>
      </input_file>
      <input_file id="fl-37">
         <path>C:\ti\ccs1120\ccs\tools\compiler\ti-cgt-msp430_21.6.0.LTS\lib\</path>
         <kind>archive</kind>
         <file>rts430x_lc_sd_eabi.lib</file>
         <name>autoinit.c.obj</name>
      </input_file>
      <input_file id="fl-38">
         <path>C:\ti\ccs1120\ccs\tools\compiler\ti-cgt-msp430_21.6.0.LTS\lib\</path>
         <kind>archive</kind>
         <file>rts430x_lc_sd_eabi.lib</file>
         <name>copy_zero_init.c.obj</name>
      </input_file>
      <input_file id="fl-39">
         <path>C:\ti\ccs1120\ccs\tools\compiler\ti-cgt-msp430_21.6.0.LTS\lib\</path>
         <kind>archive</kind>
         <file>rts430x_lc_sd_eabi.lib</file>
         <name>cpy_tbl.c.obj</name>
      </input_file>
      <input_file id="fl-3a">
         <path>C:\ti\ccs1120\ccs\tools\compiler\ti-cgt-msp430_21.6.0.LTS\lib\</path>
         <kind>archive</kind>
         <file>rts430x_lc_sd_eabi.lib</file>
         <name>mpu_init.c.obj</name>
      </input_file>
      <input_file id="fl-3b">
         <path>C:\ti\ccs1120\ccs\tools\compiler\ti-cgt-msp430_21.6.0.LTS\lib\</path>
         <kind>archive</kind>
         <file>rts430x_lc_sd_eabi.lib</file>
         <name>lsr64.c.obj</name>
      </input_file>
      <input_file id="fl-3c">
         <path>C:\ti\ccs1120\ccs\tools\compiler\ti-cgt-msp430_21.6.0.LTS\lib\</path>
         <kind>archive</kind>
         <file>rts430x_lc_sd_eabi.lib</file>
         <name>pre_init.c.obj</name>
      </input_file>
      <input_file id="fl-3d">
         <path>C:\ti\ccs1120\ccs\tools\compiler\ti-cgt-msp430_21.6.0.LTS\lib\</path>
         <kind>archive</kind>
         <file>rts430x_lc_sd_eabi.lib</file>
         <name>startup.c.obj</name>
      </input_file>
      <input_file id="fl-3e">
         <path>C:\ti\ccs1120\ccs\tools\compiler\ti-cgt-msp430_21.6.0.LTS\lib\</path>
         <kind>archive</kind>
         <file>rts430x_lc_sd_eabi.lib</file>
         <name>copy_decompress_none.c.obj</name>
      </input_file>
      <input_file id="fl-3f">
         <path>C:\ti\ccs1120\ccs\tools\compiler\ti-cgt-msp430_21.6.0.LTS\lib\</path>
         <kind>archive</kind>
         <file>rts430x_lc_sd_eabi.lib</file>
         <name>copy_decompress_lzss.c.obj</name>
      </input_file>
      <input_file id="fl-40">
         <path>C:\ti\ccs1120\ccs\tools\compiler\ti-cgt-msp430_21.6.0.LTS\lib\</path>
         <kind>archive</kind>
         <file>rts430x_lc_sd_eabi.lib</file>
         <name>addd.c.obj</name>
      </input_file>
      <input_file id="fl-41">
         <path>C:\ti\ccs1120\ccs\tools\compiler\ti-cgt-msp430_21.6.0.LTS\lib\</path>
         <kind>archive</kind>
         <file>rts430x_lc_sd_eabi.lib</file>
         <name>fltuld.c.obj</name>
      </input_file>
      <input_file id="fl-42">
         <path>C:\ti\ccs1120\ccs\tools\compiler\ti-cgt-msp430_21.6.0.LTS\lib\</path>
         <kind>archive</kind>
         <file>rts430x_lc_sd_eabi.lib</file>
         <name>mpyd.c.obj</name>
      </input_file>
      <input_file id="fl-43">
         <path>C:\ti\ccs1120\ccs\tools\compiler\ti-cgt-msp430_21.6.0.LTS\lib\</path>
         <kind>archive</kind>
         <file>rts430x_lc_sd_eabi.lib</file>
         <name>cvtdf.c.obj</name>
      </input_file>
      <input_file id="fl-44">
         <path>C:\ti\ccs1120\ccs\tools\compiler\ti-cgt-msp430_21.6.0.LTS\lib\</path>
         <kind>archive</kind>
         <file>rts430x_lc_sd_eabi.lib</file>
         <name>exit.c.obj</name>
      </input_file>
      <input_file id="fl-45">
         <path>C:\ti\ccs1120\ccs\tools\compiler\ti-cgt-msp430_21.6.0.LTS\lib\</path>
         <kind>archive</kind>
         <file>rts430x_lc_sd_eabi.lib</file>
         <name>_lock.c.obj</name>
      </input_file>
      <input_file id="fl-46">
         <path>C:\ti\ccs1120\ccs\tools\compiler\ti-cgt-msp430_21.6.0.LTS\lib\</path>
         <kind>archive</kind>
         <file>rts430x_lc_sd_eabi.lib</file>
         <name>args_main.c.obj</name>
      </input_file>
      <input_file id="fl-47">
         <path>C:\ti\ccs1120\ccs\tools\compiler\ti-cgt-msp430_21.6.0.LTS\lib\</path>
         <kind>archive</kind>
         <file>rts430x_lc_sd_eabi.lib</file>
         <name>memcpy.c.obj</name>
      </input_file>
      <input_file id="fl-48">
         <path>C:\ti\ccs1120\ccs\tools\compiler\ti-cgt-msp430_21.6.0.LTS\lib\</path>
         <kind>archive</kind>
         <file>rts430x_lc_sd_eabi.lib</file>
         <name>errno.c.obj</name>
      </input_file>
      <input_file id="fl-49">
         <path>C:\ti\ccs1120\ccs\tools\compiler\ti-cgt-msp430_21.6.0.LTS\lib\</path>
         <kind>archive</kind>
         <file>rts430x_lc_sd_eabi.lib</file>
         <name>abs.c.obj</name>
      </input_file>
      <input_file id="fl-4a">
         <path>C:\ti\ccs1120\ccs\tools\compiler\ti-cgt-msp430_21.6.0.LTS\lib\</path>
         <kind>archive</kind>
         <file>rts430x_lc_sd_eabi.lib</file>
         <name>cpy_util.asm.obj</name>
      </input_file>
      <input_file id="fl-4b">
         <path>C:\ti\ccs1120\ccs\tools\compiler\ti-cgt-msp430_21.6.0.LTS\lib\</path>
         <kind>archive</kind>
         <file>rts430x_lc_sd_eabi.lib</file>
         <name>mult16.asm.obj</name>
      </input_file>
      <input_file id="fl-4c">
         <path>C:\ti\ccs1120\ccs\tools\compiler\ti-cgt-msp430_21.6.0.LTS\lib\</path>
         <kind>archive</kind>
         <file>rts430x_lc_sd_eabi.lib</file>
         <name>exit_gvars.c.obj</name>
      </input_file>
      <input_file id="fl-4d">
         <path>C:\ti\ccs1120\ccs\tools\compiler\ti-cgt-msp430_21.6.0.LTS\lib\</path>
         <kind>archive</kind>
         <file>rts430x_lc_sd_eabi.lib</file>
         <name>asr64.c.obj</name>
      </input_file>
      <input_file id="fl-4e">
         <path>C:\ti\ccs1120\ccs\tools\compiler\ti-cgt-msp430_21.6.0.LTS\lib\</path>
         <kind>archive</kind>
         <file>rts430x_lc_sd_eabi.lib</file>
         <name>lsl64.c.obj</name>
      </input_file>
      <input_file id="fl-4f">
         <path>C:\ti\ccs1120\ccs\tools\compiler\ti-cgt-msp430_21.6.0.LTS\lib\</path>
         <kind>archive</kind>
         <file>rts430x_lc_sd_eabi.lib</file>
         <name>frcmpyd.c.obj</name>
      </input_file>
      <input_file id="fl-50">
         <path>C:\ti\ccs1120\ccs\tools\compiler\ti-cgt-msp430_21.6.0.LTS\lib\</path>
         <kind>archive</kind>
         <file>rts430x_lc_sd_eabi.lib</file>
         <name>mult3264.asm.obj</name>
      </input_file>
      <input_file id="fl-51">
         <path>C:\ti\ccs1120\ccs\tools\compiler\ti-cgt-msp430_21.6.0.LTS\lib\</path>
         <kind>archive</kind>
         <file>rts430x_lc_sd_eabi.lib</file>
         <name>mult64.asm.obj</name>
      </input_file>
      <input_file id="fl-52">
         <path>C:\ti\ccs1120\ccs\tools\compiler\ti-cgt-msp430_21.6.0.LTS\lib\</path>
         <kind>archive</kind>
         <file>rts430x_lc_sd_eabi.lib</file>
         <name>mult1632.asm.obj</name>
      </input_file>
      <input_file id="fl-53">
         <path>C:\ti\ccs1120\ccs\tools\compiler\ti-cgt-msp430_21.6.0.LTS\lib\</path>
         <kind>archive</kind>
         <file>rts430x_lc_sd_eabi.lib</file>
         <name>mult32.asm.obj</name>
      </input_file>
   </input_file_list>
   <object_component_list>
      <object_component id="oc-580">
         <name>__TI_handler_table</name>
         <load_address>0xc400</load_address>
         <run_address>0xc400</run_address>
         <size>0xc</size>
      </object_component>
      <object_component id="oc-583">
         <name>.cinit..data.load</name>
         <load_address>0xc40c</load_address>
         <run_address>0xc40c</run_address>
         <size>0x8</size>
      </object_component>
      <object_component id="oc-582">
         <name>.cinit..bss.load</name>
         <load_address>0xc414</load_address>
         <run_address>0xc414</run_address>
         <size>0x6</size>
      </object_component>
      <object_component id="oc-581">
         <name>__TI_cinit_table</name>
         <load_address>0xc41a</load_address>
         <run_address>0xc41a</run_address>
         <size>0x10</size>
      </object_component>
      <object_component id="oc-518">
         <name>.binit</name>
         <load_address>0xc42a</load_address>
         <run_address>0xc42a</run_address>
         <size>0x0</size>
      </object_component>
      <object_component id="oc-3cb">
         <name>.const:$P$T0$1</name>
         <load_address>0xc42a</load_address>
         <run_address>0xc42a</run_address>
         <size>0xe</size>
         <input_file_ref idref="fl-6"/>
      </object_component>
      <object_component id="oc-3d4">
         <name>.const:$P$T1$2</name>
         <load_address>0xc438</load_address>
         <run_address>0xc438</run_address>
         <size>0x8</size>
         <input_file_ref idref="fl-6"/>
      </object_component>
      <object_component id="oc-46e">
         <name>.text:__mspabi_addd</name>
         <load_address>0xc440</load_address>
         <run_address>0xc440</run_address>
         <size>0x72a</size>
         <input_file_ref idref="fl-40"/>
      </object_component>
      <object_component id="oc-406">
         <name>.text:sqrt</name>
         <load_address>0xcb6a</load_address>
         <run_address>0xcb6a</run_address>
         <size>0x2dc</size>
         <input_file_ref idref="fl-22"/>
      </object_component>
      <object_component id="oc-414">
         <name>.text:__mspabi_mpyd</name>
         <load_address>0xce46</load_address>
         <run_address>0xce46</run_address>
         <size>0x298</size>
         <input_file_ref idref="fl-42"/>
      </object_component>
      <object_component id="oc-37a">
         <name>.text:average_ADC_val</name>
         <load_address>0xd0de</load_address>
         <run_address>0xd0de</run_address>
         <size>0x196</size>
         <input_file_ref idref="fl-2"/>
      </object_component>
      <object_component id="oc-48a">
         <name>.text:__TI_frcmpyd</name>
         <load_address>0xd274</load_address>
         <run_address>0xd274</run_address>
         <size>0x164</size>
         <input_file_ref idref="fl-4f"/>
      </object_component>
      <object_component id="oc-3fb">
         <name>.text</name>
         <load_address>0xd3d8</load_address>
         <run_address>0xd3d8</run_address>
         <size>0x132</size>
         <input_file_ref idref="fl-24"/>
      </object_component>
      <object_component id="oc-4e5">
         <name>.text:__mpyll</name>
         <load_address>0xd50a</load_address>
         <run_address>0xd50a</run_address>
         <size>0x108</size>
         <input_file_ref idref="fl-51"/>
      </object_component>
      <object_component id="oc-64">
         <name>.text:decompress:lzss:__TI_decompress_lzss</name>
         <load_address>0xd612</load_address>
         <run_address>0xd612</run_address>
         <size>0xee</size>
         <input_file_ref idref="fl-3f"/>
      </object_component>
      <object_component id="oc-3f6">
         <name>.text</name>
         <load_address>0xd700</load_address>
         <run_address>0xd700</run_address>
         <size>0xb8</size>
         <input_file_ref idref="fl-26"/>
      </object_component>
      <object_component id="oc-40c">
         <name>.text:__mspabi_cvtdf</name>
         <load_address>0xd7b8</load_address>
         <run_address>0xd7b8</run_address>
         <size>0xb2</size>
         <input_file_ref idref="fl-43"/>
      </object_component>
      <object_component id="oc-36e">
         <name>.text:init_mtimer</name>
         <load_address>0xd86a</load_address>
         <run_address>0xd86a</run_address>
         <size>0x8c</size>
         <input_file_ref idref="fl-6"/>
      </object_component>
      <object_component id="oc-400">
         <name>.text:__mspabi_fltuld</name>
         <load_address>0xd8f6</load_address>
         <run_address>0xd8f6</run_address>
         <size>0x80</size>
         <input_file_ref idref="fl-41"/>
      </object_component>
      <object_component id="oc-29b">
         <name>.text:_isr:ADC_ISR</name>
         <load_address>0xd976</load_address>
         <run_address>0xd976</run_address>
         <size>0x6c</size>
         <input_file_ref idref="fl-2"/>
      </object_component>
      <object_component id="oc-35c">
         <name>.text:My_clock</name>
         <load_address>0xd9e2</load_address>
         <run_address>0xd9e2</run_address>
         <size>0x6a</size>
         <input_file_ref idref="fl-3"/>
      </object_component>
      <object_component id="oc-3a5">
         <name>.text:__TI_auto_init_nobinit_nopinit_hold_wdt:__TI_auto_init_nobinit_nopinit_hold_wdt</name>
         <load_address>0xda4c</load_address>
         <run_address>0xda4c</run_address>
         <size>0x6a</size>
         <input_file_ref idref="fl-37"/>
      </object_component>
      <object_component id="oc-368">
         <name>.text:Init_ADC</name>
         <load_address>0xdab6</load_address>
         <run_address>0xdab6</run_address>
         <size>0x58</size>
         <input_file_ref idref="fl-2"/>
      </object_component>
      <object_component id="oc-3d9">
         <name>.text</name>
         <load_address>0xdb0e</load_address>
         <run_address>0xdb0e</run_address>
         <size>0x58</size>
         <input_file_ref idref="fl-23"/>
      </object_component>
      <object_component id="oc-3f1">
         <name>.text</name>
         <load_address>0xdb66</load_address>
         <run_address>0xdb66</run_address>
         <size>0x4c</size>
         <input_file_ref idref="fl-27"/>
      </object_component>
      <object_component id="oc-28a">
         <name>.text:__memcpy_far</name>
         <load_address>0xdbb2</load_address>
         <run_address>0xdbb2</run_address>
         <size>0x40</size>
         <input_file_ref idref="fl-4a"/>
      </object_component>
      <object_component id="oc-4ca">
         <name>.text:__mspabi_srall</name>
         <load_address>0xdbf2</load_address>
         <run_address>0xdbf2</run_address>
         <size>0x40</size>
         <input_file_ref idref="fl-4d"/>
      </object_component>
      <object_component id="oc-2b3">
         <name>.text:decompress:ZI:__TI_zero_init_nomemset:__TI_zero_init_nomemset</name>
         <load_address>0xdc32</load_address>
         <run_address>0xdc32</run_address>
         <size>0x3e</size>
         <input_file_ref idref="fl-38"/>
      </object_component>
      <object_component id="oc-462">
         <name>.text:l_lsl_const</name>
         <load_address>0xdc70</load_address>
         <run_address>0xdc70</run_address>
         <size>0x3e</size>
         <input_file_ref idref="fl-34"/>
      </object_component>
      <object_component id="oc-467">
         <name>.text:l_lsr_const</name>
         <load_address>0xdcae</load_address>
         <run_address>0xdcae</run_address>
         <size>0x3e</size>
         <input_file_ref idref="fl-35"/>
      </object_component>
      <object_component id="oc-6a">
         <name>.text:decompress:none:__TI_decompress_none</name>
         <load_address>0xdcec</load_address>
         <run_address>0xdcec</run_address>
         <size>0x3c</size>
         <input_file_ref idref="fl-3e"/>
      </object_component>
      <object_component id="oc-319">
         <name>.text:main</name>
         <load_address>0xdd28</load_address>
         <run_address>0xdd28</run_address>
         <size>0x3c</size>
         <input_file_ref idref="fl-5"/>
      </object_component>
      <object_component id="oc-4d0">
         <name>.text:__mspabi_sllll</name>
         <load_address>0xdd64</load_address>
         <run_address>0xdd64</run_address>
         <size>0x3a</size>
         <input_file_ref idref="fl-4e"/>
      </object_component>
      <object_component id="oc-4ef">
         <name>.text:__mspabi_srlll</name>
         <load_address>0xdd9e</load_address>
         <run_address>0xdd9e</run_address>
         <size>0x3a</size>
         <input_file_ref idref="fl-3b"/>
      </object_component>
      <object_component id="oc-3e5">
         <name>.text</name>
         <load_address>0xddd8</load_address>
         <run_address>0xddd8</run_address>
         <size>0x36</size>
         <input_file_ref idref="fl-25"/>
      </object_component>
      <object_component id="oc-3ec">
         <name>.text</name>
         <load_address>0xde0e</load_address>
         <run_address>0xde0e</run_address>
         <size>0x32</size>
         <input_file_ref idref="fl-28"/>
      </object_component>
      <object_component id="oc-2a1">
         <name>.text:_isr:TIMER1_A1_ISR</name>
         <load_address>0xde40</load_address>
         <run_address>0xde40</run_address>
         <size>0x2c</size>
         <input_file_ref idref="fl-6"/>
      </object_component>
      <object_component id="oc-362">
         <name>.text:gpio</name>
         <load_address>0xde6c</load_address>
         <run_address>0xde6c</run_address>
         <size>0x2c</size>
         <input_file_ref idref="fl-4"/>
      </object_component>
      <object_component id="oc-2a7">
         <name>.text:_isr:TIMER1_A0_ISR</name>
         <load_address>0xde98</load_address>
         <run_address>0xde98</run_address>
         <size>0x2a</size>
         <input_file_ref idref="fl-6"/>
      </object_component>
      <object_component id="oc-509">
         <name>.text</name>
         <load_address>0xdec2</load_address>
         <run_address>0xdec2</run_address>
         <size>0x26</size>
         <input_file_ref idref="fl-53"/>
      </object_component>
      <object_component id="oc-50e">
         <name>.text:__mpyul</name>
         <load_address>0xdee8</load_address>
         <run_address>0xdee8</run_address>
         <size>0x22</size>
         <input_file_ref idref="fl-52"/>
      </object_component>
      <object_component id="oc-2c5">
         <name>.text:_isr:_c_int00_noargs</name>
         <load_address>0xdf0a</load_address>
         <run_address>0xdf0a</run_address>
         <size>0x1c</size>
         <input_file_ref idref="fl-36"/>
      </object_component>
      <object_component id="oc-4ea">
         <name>.text:__mpyull</name>
         <load_address>0xdf26</load_address>
         <run_address>0xdf26</run_address>
         <size>0x1a</size>
         <input_file_ref idref="fl-50"/>
      </object_component>
      <object_component id="oc-3ce">
         <name>.text:memcpy</name>
         <load_address>0xdf40</load_address>
         <run_address>0xdf40</run_address>
         <size>0x12</size>
         <input_file_ref idref="fl-47"/>
      </object_component>
      <object_component id="oc-47c">
         <name>.text:l_lsl</name>
         <load_address>0xdf52</load_address>
         <run_address>0xdf52</run_address>
         <size>0x10</size>
         <input_file_ref idref="fl-34"/>
      </object_component>
      <object_component id="oc-477">
         <name>.text:l_lsr</name>
         <load_address>0xdf62</load_address>
         <run_address>0xdf62</run_address>
         <size>0x10</size>
         <input_file_ref idref="fl-35"/>
      </object_component>
      <object_component id="oc-374">
         <name>.text:start_ADC</name>
         <load_address>0xdf72</load_address>
         <run_address>0xdf72</run_address>
         <size>0xc</size>
         <input_file_ref idref="fl-2"/>
      </object_component>
      <object_component id="oc-3df">
         <name>.text:abs</name>
         <load_address>0xdf7e</load_address>
         <run_address>0xdf7e</run_address>
         <size>0xa</size>
         <input_file_ref idref="fl-49"/>
      </object_component>
      <object_component id="oc-296">
         <name>.text:_isr:__TI_ISR_TRAP</name>
         <load_address>0xdf88</load_address>
         <run_address>0xdf88</run_address>
         <size>0x8</size>
         <input_file_ref idref="fl-33"/>
      </object_component>
      <object_component id="oc-381">
         <name>.text:abort</name>
         <load_address>0xdf90</load_address>
         <run_address>0xdf90</run_address>
         <size>0x6</size>
         <input_file_ref idref="fl-44"/>
      </object_component>
      <object_component id="oc-313">
         <name>.text:_system_pre_init</name>
         <load_address>0xdf96</load_address>
         <run_address>0xdf96</run_address>
         <size>0x4</size>
         <input_file_ref idref="fl-3c"/>
      </object_component>
      <object_component id="oc-2ad">
         <name>.text:_isr:TIMER0_A0_ISR</name>
         <load_address>0xdf9a</load_address>
         <run_address>0xdf9a</run_address>
         <size>0x2</size>
         <input_file_ref idref="fl-7"/>
      </object_component>
      <object_component id="oc-42d">
         <name>.text:_system_post_cinit</name>
         <load_address>0xdf9c</load_address>
         <run_address>0xdf9c</run_address>
         <size>0x2</size>
         <input_file_ref idref="fl-3d"/>
      </object_component>
      <object_component id="oc-2fe">
         <name>.common:val</name>
         <uninitialized>true</uninitialized>
         <run_address>0x2050</run_address>
         <size>0x1e</size>
      </object_component>
      <object_component id="oc-2fa">
         <name>.common:i</name>
         <uninitialized>true</uninitialized>
         <run_address>0x2082</run_address>
         <size>0x2</size>
      </object_component>
      <object_component id="oc-3de">
         <name>.common:t</name>
         <uninitialized>true</uninitialized>
         <run_address>0x2085</run_address>
         <size>0x1</size>
      </object_component>
      <object_component id="oc-303">
         <name>.common:m</name>
         <uninitialized>true</uninitialized>
         <run_address>0x2084</run_address>
         <size>0x1</size>
      </object_component>
      <object_component id="oc-3ea">
         <name>.common:dev</name>
         <uninitialized>true</uninitialized>
         <run_address>0x207a</run_address>
         <size>0x4</size>
      </object_component>
      <object_component id="oc-412">
         <name>.common:V_rms</name>
         <uninitialized>true</uninitialized>
         <run_address>0x2076</run_address>
         <size>0x4</size>
      </object_component>
      <object_component id="oc-3eb">
         <name>.common:squ</name>
         <uninitialized>true</uninitialized>
         <run_address>0x207e</run_address>
         <size>0x4</size>
      </object_component>
      <object_component id="oc-413">
         <name>.common:RMS_value</name>
         <uninitialized>true</uninitialized>
         <run_address>0x2072</run_address>
         <size>0x4</size>
      </object_component>
      <object_component id="oc-304">
         <name>.common:voltage_array</name>
         <uninitialized>true</uninitialized>
         <run_address>0x2000</run_address>
         <size>0x50</size>
      </object_component>
      <object_component id="oc-2fd">
         <name>.common:ADC_Result</name>
         <uninitialized>true</uninitialized>
         <run_address>0x206e</run_address>
         <size>0x4</size>
      </object_component>
      <object_component id="oc-3c5">
         <name>.data</name>
         <load_address>0x2086</load_address>
         <run_address>0x2086</run_address>
         <size>0xc</size>
         <input_file_ref idref="fl-3"/>
      </object_component>
      <object_component id="oc-306">
         <name>.data</name>
         <load_address>0x2092</load_address>
         <run_address>0x2092</run_address>
         <size>0x5</size>
         <input_file_ref idref="fl-6"/>
      </object_component>
      <object_component id="oc-474">
         <name>.data</name>
         <load_address>0x2098</load_address>
         <run_address>0x2098</run_address>
         <size>0x2</size>
         <input_file_ref idref="fl-48"/>
      </object_component>
      <object_component id="oc-27b">
         <name>.stack</name>
         <uninitialized>true</uninitialized>
         <run_address>0x2760</run_address>
         <size>0x2</size>
         <input_file_ref idref="fl-36"/>
      </object_component>
      <object_component id="oc-584">
         <name>.stack</name>
         <uninitialized>true</uninitialized>
         <run_address>0x2760</run_address>
         <size>0x0</size>
      </object_component>
      <object_component id="oc-70">
         <name>.int45</name>
         <load_address>0xffe2</load_address>
         <run_address>0xffe2</run_address>
         <size>0x2</size>
         <input_file_ref idref="fl-29"/>
      </object_component>
      <object_component id="oc-71">
         <name>.int46</name>
         <load_address>0xffe4</load_address>
         <run_address>0xffe4</run_address>
         <size>0x2</size>
         <input_file_ref idref="fl-2a"/>
      </object_component>
      <object_component id="oc-72">
         <name>.int47</name>
         <load_address>0xffe6</load_address>
         <run_address>0xffe6</run_address>
         <size>0x2</size>
         <input_file_ref idref="fl-2b"/>
      </object_component>
      <object_component id="oc-73">
         <name>.int48</name>
         <load_address>0xffe8</load_address>
         <run_address>0xffe8</run_address>
         <size>0x2</size>
         <input_file_ref idref="fl-2"/>
      </object_component>
      <object_component id="oc-74">
         <name>.int49</name>
         <load_address>0xffea</load_address>
         <run_address>0xffea</run_address>
         <size>0x2</size>
         <input_file_ref idref="fl-2c"/>
      </object_component>
      <object_component id="oc-75">
         <name>.int50</name>
         <load_address>0xffec</load_address>
         <run_address>0xffec</run_address>
         <size>0x2</size>
         <input_file_ref idref="fl-2d"/>
      </object_component>
      <object_component id="oc-76">
         <name>.int51</name>
         <load_address>0xffee</load_address>
         <run_address>0xffee</run_address>
         <size>0x2</size>
         <input_file_ref idref="fl-2e"/>
      </object_component>
      <object_component id="oc-77">
         <name>.int52</name>
         <load_address>0xfff0</load_address>
         <run_address>0xfff0</run_address>
         <size>0x2</size>
         <input_file_ref idref="fl-2f"/>
      </object_component>
      <object_component id="oc-78">
         <name>.int53</name>
         <load_address>0xfff2</load_address>
         <run_address>0xfff2</run_address>
         <size>0x2</size>
         <input_file_ref idref="fl-6"/>
      </object_component>
      <object_component id="oc-79">
         <name>.int54</name>
         <load_address>0xfff4</load_address>
         <run_address>0xfff4</run_address>
         <size>0x2</size>
         <input_file_ref idref="fl-6"/>
      </object_component>
      <object_component id="oc-7a">
         <name>.int55</name>
         <load_address>0xfff6</load_address>
         <run_address>0xfff6</run_address>
         <size>0x2</size>
         <input_file_ref idref="fl-30"/>
      </object_component>
      <object_component id="oc-7b">
         <name>.int56</name>
         <load_address>0xfff8</load_address>
         <run_address>0xfff8</run_address>
         <size>0x2</size>
         <input_file_ref idref="fl-7"/>
      </object_component>
      <object_component id="oc-7c">
         <name>.int57</name>
         <load_address>0xfffa</load_address>
         <run_address>0xfffa</run_address>
         <size>0x2</size>
         <input_file_ref idref="fl-31"/>
      </object_component>
      <object_component id="oc-7d">
         <name>.int58</name>
         <load_address>0xfffc</load_address>
         <run_address>0xfffc</run_address>
         <size>0x2</size>
         <input_file_ref idref="fl-32"/>
      </object_component>
      <object_component id="oc-27e">
         <name>.reset</name>
         <load_address>0xfffe</load_address>
         <run_address>0xfffe</run_address>
         <size>0x2</size>
         <input_file_ref idref="fl-36"/>
      </object_component>
      <object_component id="oc-2fb">
         <name>.debug_info</name>
         <load_address>0x0</load_address>
         <run_address>0x0</run_address>
         <size>0x49a</size>
         <input_file_ref idref="fl-2"/>
      </object_component>
      <object_component id="oc-375">
         <name>.debug_info</name>
         <load_address>0x49a</load_address>
         <run_address>0x49a</run_address>
         <size>0x11d</size>
         <input_file_ref idref="fl-2"/>
      </object_component>
      <object_component id="oc-37b">
         <name>.debug_info</name>
         <load_address>0x5b7</load_address>
         <run_address>0x5b7</run_address>
         <size>0x2cb</size>
         <input_file_ref idref="fl-2"/>
      </object_component>
      <object_component id="oc-369">
         <name>.debug_info</name>
         <load_address>0x882</load_address>
         <run_address>0x882</run_address>
         <size>0x1a3</size>
         <input_file_ref idref="fl-2"/>
      </object_component>
      <object_component id="oc-29c">
         <name>.debug_info</name>
         <load_address>0xa25</load_address>
         <run_address>0xa25</run_address>
         <size>0x100</size>
         <input_file_ref idref="fl-2"/>
      </object_component>
      <object_component id="oc-34b">
         <name>.debug_info</name>
         <load_address>0xb25</load_address>
         <run_address>0xb25</run_address>
         <size>0xd6</size>
         <input_file_ref idref="fl-2"/>
      </object_component>
      <object_component id="oc-346">
         <name>.debug_info</name>
         <load_address>0xbfb</load_address>
         <run_address>0xbfb</run_address>
         <size>0x26b</size>
         <input_file_ref idref="fl-2"/>
      </object_component>
      <object_component id="oc-354">
         <name>.debug_info</name>
         <load_address>0xe66</load_address>
         <run_address>0xe66</run_address>
         <size>0x38c</size>
         <input_file_ref idref="fl-2"/>
      </object_component>
      <object_component id="oc-33c">
         <name>.debug_info</name>
         <load_address>0x11f2</load_address>
         <run_address>0x11f2</run_address>
         <size>0x8b</size>
         <input_file_ref idref="fl-2"/>
      </object_component>
      <object_component id="oc-3c0">
         <name>.debug_info</name>
         <load_address>0x127d</load_address>
         <run_address>0x127d</run_address>
         <size>0x282</size>
         <input_file_ref idref="fl-2"/>
      </object_component>
      <object_component id="oc-341">
         <name>.debug_info</name>
         <load_address>0x14ff</load_address>
         <run_address>0x14ff</run_address>
         <size>0xbb</size>
         <input_file_ref idref="fl-2"/>
      </object_component>
      <object_component id="oc-3c6">
         <name>.debug_info</name>
         <load_address>0x15ba</load_address>
         <run_address>0x15ba</run_address>
         <size>0x113</size>
         <input_file_ref idref="fl-3"/>
      </object_component>
      <object_component id="oc-35d">
         <name>.debug_info</name>
         <load_address>0x16cd</load_address>
         <run_address>0x16cd</run_address>
         <size>0x1be</size>
         <input_file_ref idref="fl-3"/>
      </object_component>
      <object_component id="oc-363">
         <name>.debug_info</name>
         <load_address>0x188b</load_address>
         <run_address>0x188b</run_address>
         <size>0x1a7</size>
         <input_file_ref idref="fl-4"/>
      </object_component>
      <object_component id="oc-2ff">
         <name>.debug_info</name>
         <load_address>0x1a32</load_address>
         <run_address>0x1a32</run_address>
         <size>0x296</size>
         <input_file_ref idref="fl-5"/>
      </object_component>
      <object_component id="oc-31a">
         <name>.debug_info</name>
         <load_address>0x1cc8</load_address>
         <run_address>0x1cc8</run_address>
         <size>0x180</size>
         <input_file_ref idref="fl-5"/>
      </object_component>
      <object_component id="oc-301">
         <name>.debug_info</name>
         <load_address>0x1e48</load_address>
         <run_address>0x1e48</run_address>
         <size>0x327</size>
         <input_file_ref idref="fl-6"/>
      </object_component>
      <object_component id="oc-307">
         <name>.debug_info</name>
         <load_address>0x216f</load_address>
         <run_address>0x216f</run_address>
         <size>0xf2</size>
         <input_file_ref idref="fl-6"/>
      </object_component>
      <object_component id="oc-3cc">
         <name>.debug_info</name>
         <load_address>0x2261</load_address>
         <run_address>0x2261</run_address>
         <size>0xd7</size>
         <input_file_ref idref="fl-6"/>
      </object_component>
      <object_component id="oc-3d5">
         <name>.debug_info</name>
         <load_address>0x2338</load_address>
         <run_address>0x2338</run_address>
         <size>0xd7</size>
         <input_file_ref idref="fl-6"/>
      </object_component>
      <object_component id="oc-370">
         <name>.debug_info</name>
         <load_address>0x240f</load_address>
         <run_address>0x240f</run_address>
         <size>0x1b9</size>
         <input_file_ref idref="fl-6"/>
      </object_component>
      <object_component id="oc-2a2">
         <name>.debug_info</name>
         <load_address>0x25c8</load_address>
         <run_address>0x25c8</run_address>
         <size>0x14c</size>
         <input_file_ref idref="fl-6"/>
      </object_component>
      <object_component id="oc-2a8">
         <name>.debug_info</name>
         <load_address>0x2714</load_address>
         <run_address>0x2714</run_address>
         <size>0x132</size>
         <input_file_ref idref="fl-6"/>
      </object_component>
      <object_component id="oc-2ae">
         <name>.debug_info</name>
         <load_address>0x2846</load_address>
         <run_address>0x2846</run_address>
         <size>0x118</size>
         <input_file_ref idref="fl-7"/>
      </object_component>
      <object_component id="oc-487">
         <name>.debug_info</name>
         <load_address>0x295e</load_address>
         <run_address>0x295e</run_address>
         <size>0x178</size>
         <input_file_ref idref="fl-22"/>
      </object_component>
      <object_component id="oc-409">
         <name>.debug_info</name>
         <load_address>0x2ad6</load_address>
         <run_address>0x2ad6</run_address>
         <size>0x300</size>
         <input_file_ref idref="fl-22"/>
      </object_component>
      <object_component id="oc-285">
         <name>.debug_info</name>
         <load_address>0x2dd6</load_address>
         <run_address>0x2dd6</run_address>
         <size>0x84</size>
         <input_file_ref idref="fl-22"/>
      </object_component>
      <object_component id="oc-4dc">
         <name>.debug_info</name>
         <load_address>0x2e5a</load_address>
         <run_address>0x2e5a</run_address>
         <size>0x46</size>
         <input_file_ref idref="fl-22"/>
      </object_component>
      <object_component id="oc-482">
         <name>.debug_info</name>
         <load_address>0x2ea0</load_address>
         <run_address>0x2ea0</run_address>
         <size>0x39</size>
         <input_file_ref idref="fl-22"/>
      </object_component>
      <object_component id="oc-3db">
         <name>.debug_info</name>
         <load_address>0x2ed9</load_address>
         <run_address>0x2ed9</run_address>
         <size>0x123</size>
         <input_file_ref idref="fl-23"/>
      </object_component>
      <object_component id="oc-3fe">
         <name>.debug_info</name>
         <load_address>0x2ffc</load_address>
         <run_address>0x2ffc</run_address>
         <size>0x121</size>
         <input_file_ref idref="fl-24"/>
      </object_component>
      <object_component id="oc-3e6">
         <name>.debug_info</name>
         <load_address>0x311d</load_address>
         <run_address>0x311d</run_address>
         <size>0x12a</size>
         <input_file_ref idref="fl-25"/>
      </object_component>
      <object_component id="oc-3f9">
         <name>.debug_info</name>
         <load_address>0x3247</load_address>
         <run_address>0x3247</run_address>
         <size>0x121</size>
         <input_file_ref idref="fl-26"/>
      </object_component>
      <object_component id="oc-3f4">
         <name>.debug_info</name>
         <load_address>0x3368</load_address>
         <run_address>0x3368</run_address>
         <size>0x132</size>
         <input_file_ref idref="fl-27"/>
      </object_component>
      <object_component id="oc-3ef">
         <name>.debug_info</name>
         <load_address>0x349a</load_address>
         <run_address>0x349a</run_address>
         <size>0x127</size>
         <input_file_ref idref="fl-28"/>
      </object_component>
      <object_component id="oc-298">
         <name>.debug_info</name>
         <load_address>0x35c1</load_address>
         <run_address>0x35c1</run_address>
         <size>0x10f</size>
         <input_file_ref idref="fl-33"/>
      </object_component>
      <object_component id="oc-47f">
         <name>.debug_info</name>
         <load_address>0x36d0</load_address>
         <run_address>0x36d0</run_address>
         <size>0x120</size>
         <input_file_ref idref="fl-34"/>
      </object_component>
      <object_component id="oc-463">
         <name>.debug_info</name>
         <load_address>0x37f0</load_address>
         <run_address>0x37f0</run_address>
         <size>0x126</size>
         <input_file_ref idref="fl-34"/>
      </object_component>
      <object_component id="oc-479">
         <name>.debug_info</name>
         <load_address>0x3916</load_address>
         <run_address>0x3916</run_address>
         <size>0x120</size>
         <input_file_ref idref="fl-35"/>
      </object_component>
      <object_component id="oc-469">
         <name>.debug_info</name>
         <load_address>0x3a36</load_address>
         <run_address>0x3a36</run_address>
         <size>0x126</size>
         <input_file_ref idref="fl-35"/>
      </object_component>
      <object_component id="oc-27c">
         <name>.debug_info</name>
         <load_address>0x3b5c</load_address>
         <run_address>0x3b5c</run_address>
         <size>0x100</size>
         <input_file_ref idref="fl-36"/>
      </object_component>
      <object_component id="oc-2c6">
         <name>.debug_info</name>
         <load_address>0x3c5c</load_address>
         <run_address>0x3c5c</run_address>
         <size>0x17a</size>
         <input_file_ref idref="fl-36"/>
      </object_component>
      <object_component id="oc-434">
         <name>.debug_info</name>
         <load_address>0x3dd6</load_address>
         <run_address>0x3dd6</run_address>
         <size>0x409</size>
         <input_file_ref idref="fl-37"/>
      </object_component>
      <object_component id="oc-3a8">
         <name>.debug_info</name>
         <load_address>0x41df</load_address>
         <run_address>0x41df</run_address>
         <size>0x216</size>
         <input_file_ref idref="fl-37"/>
      </object_component>
      <object_component id="oc-4ae">
         <name>.debug_info</name>
         <load_address>0x43f5</load_address>
         <run_address>0x43f5</run_address>
         <size>0x39</size>
         <input_file_ref idref="fl-37"/>
      </object_component>
      <object_component id="oc-4bf">
         <name>.debug_info</name>
         <load_address>0x442e</load_address>
         <run_address>0x442e</run_address>
         <size>0x2c</size>
         <input_file_ref idref="fl-37"/>
      </object_component>
      <object_component id="oc-43f">
         <name>.debug_info</name>
         <load_address>0x445a</load_address>
         <run_address>0x445a</run_address>
         <size>0x2c</size>
         <input_file_ref idref="fl-37"/>
      </object_component>
      <object_component id="oc-4b3">
         <name>.debug_info</name>
         <load_address>0x4486</load_address>
         <run_address>0x4486</run_address>
         <size>0xcd</size>
         <input_file_ref idref="fl-37"/>
      </object_component>
      <object_component id="oc-2b5">
         <name>.debug_info</name>
         <load_address>0x4553</load_address>
         <run_address>0x4553</run_address>
         <size>0x1d3</size>
         <input_file_ref idref="fl-38"/>
      </object_component>
      <object_component id="oc-30d">
         <name>.debug_info</name>
         <load_address>0x4726</load_address>
         <run_address>0x4726</run_address>
         <size>0x46</size>
         <input_file_ref idref="fl-38"/>
      </object_component>
      <object_component id="oc-454">
         <name>.debug_info</name>
         <load_address>0x476c</load_address>
         <run_address>0x476c</run_address>
         <size>0x2c</size>
         <input_file_ref idref="fl-39"/>
      </object_component>
      <object_component id="oc-4f0">
         <name>.debug_info</name>
         <load_address>0x4798</load_address>
         <run_address>0x4798</run_address>
         <size>0x188</size>
         <input_file_ref idref="fl-3b"/>
      </object_component>
      <object_component id="oc-316">
         <name>.debug_info</name>
         <load_address>0x4920</load_address>
         <run_address>0x4920</run_address>
         <size>0x153</size>
         <input_file_ref idref="fl-3c"/>
      </object_component>
      <object_component id="oc-431">
         <name>.debug_info</name>
         <load_address>0x4a73</load_address>
         <run_address>0x4a73</run_address>
         <size>0x150</size>
         <input_file_ref idref="fl-3d"/>
      </object_component>
      <object_component id="oc-295">
         <name>.debug_info</name>
         <load_address>0x4bc3</load_address>
         <run_address>0x4bc3</run_address>
         <size>0x1da</size>
         <input_file_ref idref="fl-3e"/>
      </object_component>
      <object_component id="oc-6b">
         <name>.debug_info</name>
         <load_address>0x4d9d</load_address>
         <run_address>0x4d9d</run_address>
         <size>0x1f2</size>
         <input_file_ref idref="fl-3e"/>
      </object_component>
      <object_component id="oc-290">
         <name>.debug_info</name>
         <load_address>0x4f8f</load_address>
         <run_address>0x4f8f</run_address>
         <size>0x46</size>
         <input_file_ref idref="fl-3e"/>
      </object_component>
      <object_component id="oc-66">
         <name>.debug_info</name>
         <load_address>0x4fd5</load_address>
         <run_address>0x4fd5</run_address>
         <size>0x2b8</size>
         <input_file_ref idref="fl-3f"/>
      </object_component>
      <object_component id="oc-335">
         <name>.debug_info</name>
         <load_address>0x528d</load_address>
         <run_address>0x528d</run_address>
         <size>0x46</size>
         <input_file_ref idref="fl-3f"/>
      </object_component>
      <object_component id="oc-2f1">
         <name>.debug_info</name>
         <load_address>0x52d3</load_address>
         <run_address>0x52d3</run_address>
         <size>0x39</size>
         <input_file_ref idref="fl-3f"/>
      </object_component>
      <object_component id="oc-280">
         <name>.debug_info</name>
         <load_address>0x530c</load_address>
         <run_address>0x530c</run_address>
         <size>0x60</size>
         <input_file_ref idref="fl-3f"/>
      </object_component>
      <object_component id="oc-4d7">
         <name>.debug_info</name>
         <load_address>0x536c</load_address>
         <run_address>0x536c</run_address>
         <size>0x15f</size>
         <input_file_ref idref="fl-40"/>
      </object_component>
      <object_component id="oc-472">
         <name>.debug_info</name>
         <load_address>0x54cb</load_address>
         <run_address>0x54cb</run_address>
         <size>0x3a0</size>
         <input_file_ref idref="fl-40"/>
      </object_component>
      <object_component id="oc-46d">
         <name>.debug_info</name>
         <load_address>0x586b</load_address>
         <run_address>0x586b</run_address>
         <size>0x166</size>
         <input_file_ref idref="fl-41"/>
      </object_component>
      <object_component id="oc-402">
         <name>.debug_info</name>
         <load_address>0x59d1</load_address>
         <run_address>0x59d1</run_address>
         <size>0x1c1</size>
         <input_file_ref idref="fl-41"/>
      </object_component>
      <object_component id="oc-492">
         <name>.debug_info</name>
         <load_address>0x5b92</load_address>
         <run_address>0x5b92</run_address>
         <size>0x94</size>
         <input_file_ref idref="fl-41"/>
      </object_component>
      <object_component id="oc-491">
         <name>.debug_info</name>
         <load_address>0x5c26</load_address>
         <run_address>0x5c26</run_address>
         <size>0x192</size>
         <input_file_ref idref="fl-42"/>
      </object_component>
      <object_component id="oc-416">
         <name>.debug_info</name>
         <load_address>0x5db8</load_address>
         <run_address>0x5db8</run_address>
         <size>0x295</size>
         <input_file_ref idref="fl-42"/>
      </object_component>
      <object_component id="oc-489">
         <name>.debug_info</name>
         <load_address>0x604d</load_address>
         <run_address>0x604d</run_address>
         <size>0x160</size>
         <input_file_ref idref="fl-43"/>
      </object_component>
      <object_component id="oc-410">
         <name>.debug_info</name>
         <load_address>0x61ad</load_address>
         <run_address>0x61ad</run_address>
         <size>0x1db</size>
         <input_file_ref idref="fl-43"/>
      </object_component>
      <object_component id="oc-384">
         <name>.debug_info</name>
         <load_address>0x6388</load_address>
         <run_address>0x6388</run_address>
         <size>0x122</size>
         <input_file_ref idref="fl-44"/>
      </object_component>
      <object_component id="oc-453">
         <name>.debug_info</name>
         <load_address>0x64aa</load_address>
         <run_address>0x64aa</run_address>
         <size>0x181</size>
         <input_file_ref idref="fl-47"/>
      </object_component>
      <object_component id="oc-3cf">
         <name>.debug_info</name>
         <load_address>0x662b</load_address>
         <run_address>0x662b</run_address>
         <size>0x17a</size>
         <input_file_ref idref="fl-47"/>
      </object_component>
      <object_component id="oc-475">
         <name>.debug_info</name>
         <load_address>0x67a5</load_address>
         <run_address>0x67a5</run_address>
         <size>0xfe</size>
         <input_file_ref idref="fl-48"/>
      </object_component>
      <object_component id="oc-3e3">
         <name>.debug_info</name>
         <load_address>0x68a3</load_address>
         <run_address>0x68a3</run_address>
         <size>0x140</size>
         <input_file_ref idref="fl-49"/>
      </object_component>
      <object_component id="oc-28b">
         <name>.debug_info</name>
         <load_address>0x69e3</load_address>
         <run_address>0x69e3</run_address>
         <size>0x121</size>
         <input_file_ref idref="fl-4a"/>
      </object_component>
      <object_component id="oc-4cd">
         <name>.debug_info</name>
         <load_address>0x6b04</load_address>
         <run_address>0x6b04</run_address>
         <size>0x188</size>
         <input_file_ref idref="fl-4d"/>
      </object_component>
      <object_component id="oc-4d2">
         <name>.debug_info</name>
         <load_address>0x6c8c</load_address>
         <run_address>0x6c8c</run_address>
         <size>0x188</size>
         <input_file_ref idref="fl-4e"/>
      </object_component>
      <object_component id="oc-48c">
         <name>.debug_info</name>
         <load_address>0x6e14</load_address>
         <run_address>0x6e14</run_address>
         <size>0x244</size>
         <input_file_ref idref="fl-4f"/>
      </object_component>
      <object_component id="oc-4ec">
         <name>.debug_info</name>
         <load_address>0x7058</load_address>
         <run_address>0x7058</run_address>
         <size>0x13f</size>
         <input_file_ref idref="fl-50"/>
      </object_component>
      <object_component id="oc-4e8">
         <name>.debug_info</name>
         <load_address>0x7197</load_address>
         <run_address>0x7197</run_address>
         <size>0x211</size>
         <input_file_ref idref="fl-51"/>
      </object_component>
      <object_component id="oc-510">
         <name>.debug_info</name>
         <load_address>0x73a8</load_address>
         <run_address>0x73a8</run_address>
         <size>0x125</size>
         <input_file_ref idref="fl-52"/>
      </object_component>
      <object_component id="oc-50c">
         <name>.debug_info</name>
         <load_address>0x74cd</load_address>
         <run_address>0x74cd</run_address>
         <size>0x121</size>
         <input_file_ref idref="fl-53"/>
      </object_component>
      <object_component id="oc-585">
         <name>.debug_info</name>
         <load_address>0x75ee</load_address>
         <run_address>0x75ee</run_address>
         <size>0xa6</size>
      </object_component>
      <object_component id="oc-33b">
         <name>.debug_line</name>
         <load_address>0x0</load_address>
         <run_address>0x0</run_address>
         <size>0x10f</size>
         <input_file_ref idref="fl-2"/>
      </object_component>
      <object_component id="oc-378">
         <name>.debug_line</name>
         <load_address>0x10f</load_address>
         <run_address>0x10f</run_address>
         <size>0x43</size>
         <input_file_ref idref="fl-2"/>
      </object_component>
      <object_component id="oc-37e">
         <name>.debug_line</name>
         <load_address>0x152</load_address>
         <run_address>0x152</run_address>
         <size>0x65</size>
         <input_file_ref idref="fl-2"/>
      </object_component>
      <object_component id="oc-36d">
         <name>.debug_line</name>
         <load_address>0x1b7</load_address>
         <run_address>0x1b7</run_address>
         <size>0x47</size>
         <input_file_ref idref="fl-2"/>
      </object_component>
      <object_component id="oc-2a0">
         <name>.debug_line</name>
         <load_address>0x1fe</load_address>
         <run_address>0x1fe</run_address>
         <size>0x52</size>
         <input_file_ref idref="fl-2"/>
      </object_component>
      <object_component id="oc-34e">
         <name>.debug_line</name>
         <load_address>0x250</load_address>
         <run_address>0x250</run_address>
         <size>0x2d</size>
         <input_file_ref idref="fl-2"/>
      </object_component>
      <object_component id="oc-349">
         <name>.debug_line</name>
         <load_address>0x27d</load_address>
         <run_address>0x27d</run_address>
         <size>0x72</size>
         <input_file_ref idref="fl-2"/>
      </object_component>
      <object_component id="oc-357">
         <name>.debug_line</name>
         <load_address>0x2ef</load_address>
         <run_address>0x2ef</run_address>
         <size>0x71</size>
         <input_file_ref idref="fl-2"/>
      </object_component>
      <object_component id="oc-33f">
         <name>.debug_line</name>
         <load_address>0x360</load_address>
         <run_address>0x360</run_address>
         <size>0x20</size>
         <input_file_ref idref="fl-2"/>
      </object_component>
      <object_component id="oc-3c3">
         <name>.debug_line</name>
         <load_address>0x380</load_address>
         <run_address>0x380</run_address>
         <size>0x76</size>
         <input_file_ref idref="fl-2"/>
      </object_component>
      <object_component id="oc-344">
         <name>.debug_line</name>
         <load_address>0x3f6</load_address>
         <run_address>0x3f6</run_address>
         <size>0x73</size>
         <input_file_ref idref="fl-2"/>
      </object_component>
      <object_component id="oc-44f">
         <name>.debug_line</name>
         <load_address>0x469</load_address>
         <run_address>0x469</run_address>
         <size>0x31</size>
         <input_file_ref idref="fl-3"/>
      </object_component>
      <object_component id="oc-360">
         <name>.debug_line</name>
         <load_address>0x49a</load_address>
         <run_address>0x49a</run_address>
         <size>0x50</size>
         <input_file_ref idref="fl-3"/>
      </object_component>
      <object_component id="oc-367">
         <name>.debug_line</name>
         <load_address>0x4ea</load_address>
         <run_address>0x4ea</run_address>
         <size>0x4b</size>
         <input_file_ref idref="fl-4"/>
      </object_component>
      <object_component id="oc-351">
         <name>.debug_line</name>
         <load_address>0x535</load_address>
         <run_address>0x535</run_address>
         <size>0xf9</size>
         <input_file_ref idref="fl-5"/>
      </object_component>
      <object_component id="oc-31e">
         <name>.debug_line</name>
         <load_address>0x62e</load_address>
         <run_address>0x62e</run_address>
         <size>0x52</size>
         <input_file_ref idref="fl-5"/>
      </object_component>
      <object_component id="oc-353">
         <name>.debug_line</name>
         <load_address>0x680</load_address>
         <run_address>0x680</run_address>
         <size>0x155</size>
         <input_file_ref idref="fl-6"/>
      </object_component>
      <object_component id="oc-35a">
         <name>.debug_line</name>
         <load_address>0x7d5</load_address>
         <run_address>0x7d5</run_address>
         <size>0x30</size>
         <input_file_ref idref="fl-6"/>
      </object_component>
      <object_component id="oc-451">
         <name>.debug_line</name>
         <load_address>0x805</load_address>
         <run_address>0x805</run_address>
         <size>0x30</size>
         <input_file_ref idref="fl-6"/>
      </object_component>
      <object_component id="oc-45a">
         <name>.debug_line</name>
         <load_address>0x835</load_address>
         <run_address>0x835</run_address>
         <size>0x30</size>
         <input_file_ref idref="fl-6"/>
      </object_component>
      <object_component id="oc-36f">
         <name>.debug_line</name>
         <load_address>0x865</load_address>
         <run_address>0x865</run_address>
         <size>0x58</size>
         <input_file_ref idref="fl-6"/>
      </object_component>
      <object_component id="oc-2a5">
         <name>.debug_line</name>
         <load_address>0x8bd</load_address>
         <run_address>0x8bd</run_address>
         <size>0x4b</size>
         <input_file_ref idref="fl-6"/>
      </object_component>
      <object_component id="oc-2ac">
         <name>.debug_line</name>
         <load_address>0x908</load_address>
         <run_address>0x908</run_address>
         <size>0x4d</size>
         <input_file_ref idref="fl-6"/>
      </object_component>
      <object_component id="oc-2b1">
         <name>.debug_line</name>
         <load_address>0x955</load_address>
         <run_address>0x955</run_address>
         <size>0x41</size>
         <input_file_ref idref="fl-7"/>
      </object_component>
      <object_component id="oc-4e2">
         <name>.debug_line</name>
         <load_address>0x996</load_address>
         <run_address>0x996</run_address>
         <size>0x91</size>
         <input_file_ref idref="fl-22"/>
      </object_component>
      <object_component id="oc-408">
         <name>.debug_line</name>
         <load_address>0xa27</load_address>
         <run_address>0xa27</run_address>
         <size>0x112</size>
         <input_file_ref idref="fl-22"/>
      </object_component>
      <object_component id="oc-288">
         <name>.debug_line</name>
         <load_address>0xb39</load_address>
         <run_address>0xb39</run_address>
         <size>0x20</size>
         <input_file_ref idref="fl-22"/>
      </object_component>
      <object_component id="oc-4df">
         <name>.debug_line</name>
         <load_address>0xb59</load_address>
         <run_address>0xb59</run_address>
         <size>0x9a</size>
         <input_file_ref idref="fl-22"/>
      </object_component>
      <object_component id="oc-485">
         <name>.debug_line</name>
         <load_address>0xbf3</load_address>
         <run_address>0xbf3</run_address>
         <size>0x97</size>
         <input_file_ref idref="fl-22"/>
      </object_component>
      <object_component id="oc-3dd">
         <name>.debug_line</name>
         <load_address>0xc8a</load_address>
         <run_address>0xc8a</run_address>
         <size>0x64</size>
         <input_file_ref idref="fl-23"/>
      </object_component>
      <object_component id="oc-3fc">
         <name>.debug_line</name>
         <load_address>0xcee</load_address>
         <run_address>0xcee</run_address>
         <size>0xbb</size>
         <input_file_ref idref="fl-24"/>
      </object_component>
      <object_component id="oc-3e9">
         <name>.debug_line</name>
         <load_address>0xda9</load_address>
         <run_address>0xda9</run_address>
         <size>0x55</size>
         <input_file_ref idref="fl-25"/>
      </object_component>
      <object_component id="oc-3f7">
         <name>.debug_line</name>
         <load_address>0xdfe</load_address>
         <run_address>0xdfe</run_address>
         <size>0x8e</size>
         <input_file_ref idref="fl-26"/>
      </object_component>
      <object_component id="oc-3f3">
         <name>.debug_line</name>
         <load_address>0xe8c</load_address>
         <run_address>0xe8c</run_address>
         <size>0x5d</size>
         <input_file_ref idref="fl-27"/>
      </object_component>
      <object_component id="oc-3ee">
         <name>.debug_line</name>
         <load_address>0xee9</load_address>
         <run_address>0xee9</run_address>
         <size>0x54</size>
         <input_file_ref idref="fl-28"/>
      </object_component>
      <object_component id="oc-297">
         <name>.debug_line</name>
         <load_address>0xf3d</load_address>
         <run_address>0xf3d</run_address>
         <size>0x3d</size>
         <input_file_ref idref="fl-33"/>
      </object_component>
      <object_component id="oc-47d">
         <name>.debug_line</name>
         <load_address>0xf7a</load_address>
         <run_address>0xf7a</run_address>
         <size>0x3e</size>
         <input_file_ref idref="fl-34"/>
      </object_component>
      <object_component id="oc-466">
         <name>.debug_line</name>
         <load_address>0xfb8</load_address>
         <run_address>0xfb8</run_address>
         <size>0x56</size>
         <input_file_ref idref="fl-34"/>
      </object_component>
      <object_component id="oc-478">
         <name>.debug_line</name>
         <load_address>0x100e</load_address>
         <run_address>0x100e</run_address>
         <size>0x41</size>
         <input_file_ref idref="fl-35"/>
      </object_component>
      <object_component id="oc-468">
         <name>.debug_line</name>
         <load_address>0x104f</load_address>
         <run_address>0x104f</run_address>
         <size>0x56</size>
         <input_file_ref idref="fl-35"/>
      </object_component>
      <object_component id="oc-2f0">
         <name>.debug_line</name>
         <load_address>0x10a5</load_address>
         <run_address>0x10a5</run_address>
         <size>0x2a</size>
         <input_file_ref idref="fl-36"/>
      </object_component>
      <object_component id="oc-2c9">
         <name>.debug_line</name>
         <load_address>0x10cf</load_address>
         <run_address>0x10cf</run_address>
         <size>0x46</size>
         <input_file_ref idref="fl-36"/>
      </object_component>
      <object_component id="oc-4ad">
         <name>.debug_line</name>
         <load_address>0x1115</load_address>
         <run_address>0x1115</run_address>
         <size>0xbf</size>
         <input_file_ref idref="fl-37"/>
      </object_component>
      <object_component id="oc-3aa">
         <name>.debug_line</name>
         <load_address>0x11d4</load_address>
         <run_address>0x11d4</run_address>
         <size>0x84</size>
         <input_file_ref idref="fl-37"/>
      </object_component>
      <object_component id="oc-4b1">
         <name>.debug_line</name>
         <load_address>0x1258</load_address>
         <run_address>0x1258</run_address>
         <size>0x2e</size>
         <input_file_ref idref="fl-37"/>
      </object_component>
      <object_component id="oc-4c2">
         <name>.debug_line</name>
         <load_address>0x1286</load_address>
         <run_address>0x1286</run_address>
         <size>0x9a</size>
         <input_file_ref idref="fl-37"/>
      </object_component>
      <object_component id="oc-442">
         <name>.debug_line</name>
         <load_address>0x1320</load_address>
         <run_address>0x1320</run_address>
         <size>0x97</size>
         <input_file_ref idref="fl-37"/>
      </object_component>
      <object_component id="oc-4b6">
         <name>.debug_line</name>
         <load_address>0x13b7</load_address>
         <run_address>0x13b7</run_address>
         <size>0x93</size>
         <input_file_ref idref="fl-37"/>
      </object_component>
      <object_component id="oc-2b4">
         <name>.debug_line</name>
         <load_address>0x144a</load_address>
         <run_address>0x144a</run_address>
         <size>0x53</size>
         <input_file_ref idref="fl-38"/>
      </object_component>
      <object_component id="oc-310">
         <name>.debug_line</name>
         <load_address>0x149d</load_address>
         <run_address>0x149d</run_address>
         <size>0x34</size>
         <input_file_ref idref="fl-38"/>
      </object_component>
      <object_component id="oc-457">
         <name>.debug_line</name>
         <load_address>0x14d1</load_address>
         <run_address>0x14d1</run_address>
         <size>0x92</size>
         <input_file_ref idref="fl-39"/>
      </object_component>
      <object_component id="oc-4f4">
         <name>.debug_line</name>
         <load_address>0x1563</load_address>
         <run_address>0x1563</run_address>
         <size>0x53</size>
         <input_file_ref idref="fl-3b"/>
      </object_component>
      <object_component id="oc-318">
         <name>.debug_line</name>
         <load_address>0x15b6</load_address>
         <run_address>0x15b6</run_address>
         <size>0x3e</size>
         <input_file_ref idref="fl-3c"/>
      </object_component>
      <object_component id="oc-430">
         <name>.debug_line</name>
         <load_address>0x15f4</load_address>
         <run_address>0x15f4</run_address>
         <size>0x3a</size>
         <input_file_ref idref="fl-3d"/>
      </object_component>
      <object_component id="oc-2f8">
         <name>.debug_line</name>
         <load_address>0x162e</load_address>
         <run_address>0x162e</run_address>
         <size>0x3a</size>
         <input_file_ref idref="fl-3e"/>
      </object_component>
      <object_component id="oc-6e">
         <name>.debug_line</name>
         <load_address>0x1668</load_address>
         <run_address>0x1668</run_address>
         <size>0x50</size>
         <input_file_ref idref="fl-3e"/>
      </object_component>
      <object_component id="oc-293">
         <name>.debug_line</name>
         <load_address>0x16b8</load_address>
         <run_address>0x16b8</run_address>
         <size>0x3a</size>
         <input_file_ref idref="fl-3e"/>
      </object_component>
      <object_component id="oc-65">
         <name>.debug_line</name>
         <load_address>0x16f2</load_address>
         <run_address>0x16f2</run_address>
         <size>0x9d</size>
         <input_file_ref idref="fl-3f"/>
      </object_component>
      <object_component id="oc-338">
         <name>.debug_line</name>
         <load_address>0x178f</load_address>
         <run_address>0x178f</run_address>
         <size>0x9a</size>
         <input_file_ref idref="fl-3f"/>
      </object_component>
      <object_component id="oc-2f4">
         <name>.debug_line</name>
         <load_address>0x1829</load_address>
         <run_address>0x1829</run_address>
         <size>0x96</size>
         <input_file_ref idref="fl-3f"/>
      </object_component>
      <object_component id="oc-283">
         <name>.debug_line</name>
         <load_address>0x18bf</load_address>
         <run_address>0x18bf</run_address>
         <size>0x3a</size>
         <input_file_ref idref="fl-3f"/>
      </object_component>
      <object_component id="oc-508">
         <name>.debug_line</name>
         <load_address>0x18f9</load_address>
         <run_address>0x18f9</run_address>
         <size>0x20</size>
         <input_file_ref idref="fl-40"/>
      </object_component>
      <object_component id="oc-470">
         <name>.debug_line</name>
         <load_address>0x1919</load_address>
         <run_address>0x1919</run_address>
         <size>0x17f</size>
         <input_file_ref idref="fl-40"/>
      </object_component>
      <object_component id="oc-4c9">
         <name>.debug_line</name>
         <load_address>0x1a98</load_address>
         <run_address>0x1a98</run_address>
         <size>0x20</size>
         <input_file_ref idref="fl-41"/>
      </object_component>
      <object_component id="oc-405">
         <name>.debug_line</name>
         <load_address>0x1ab8</load_address>
         <run_address>0x1ab8</run_address>
         <size>0x71</size>
         <input_file_ref idref="fl-41"/>
      </object_component>
      <object_component id="oc-495">
         <name>.debug_line</name>
         <load_address>0x1b29</load_address>
         <run_address>0x1b29</run_address>
         <size>0x2e</size>
         <input_file_ref idref="fl-41"/>
      </object_component>
      <object_component id="oc-4f7">
         <name>.debug_line</name>
         <load_address>0x1b57</load_address>
         <run_address>0x1b57</run_address>
         <size>0x2d</size>
         <input_file_ref idref="fl-42"/>
      </object_component>
      <object_component id="oc-415">
         <name>.debug_line</name>
         <load_address>0x1b84</load_address>
         <run_address>0x1b84</run_address>
         <size>0xec</size>
         <input_file_ref idref="fl-42"/>
      </object_component>
      <object_component id="oc-4e4">
         <name>.debug_line</name>
         <load_address>0x1c70</load_address>
         <run_address>0x1c70</run_address>
         <size>0x20</size>
         <input_file_ref idref="fl-43"/>
      </object_component>
      <object_component id="oc-40e">
         <name>.debug_line</name>
         <load_address>0x1c90</load_address>
         <run_address>0x1c90</run_address>
         <size>0x76</size>
         <input_file_ref idref="fl-43"/>
      </object_component>
      <object_component id="oc-382">
         <name>.debug_line</name>
         <load_address>0x1d06</load_address>
         <run_address>0x1d06</run_address>
         <size>0x3d</size>
         <input_file_ref idref="fl-44"/>
      </object_component>
      <object_component id="oc-4c5">
         <name>.debug_line</name>
         <load_address>0x1d43</load_address>
         <run_address>0x1d43</run_address>
         <size>0x20</size>
         <input_file_ref idref="fl-47"/>
      </object_component>
      <object_component id="oc-3d2">
         <name>.debug_line</name>
         <load_address>0x1d63</load_address>
         <run_address>0x1d63</run_address>
         <size>0x42</size>
         <input_file_ref idref="fl-47"/>
      </object_component>
      <object_component id="oc-4d9">
         <name>.debug_line</name>
         <load_address>0x1da5</load_address>
         <run_address>0x1da5</run_address>
         <size>0x2b</size>
         <input_file_ref idref="fl-48"/>
      </object_component>
      <object_component id="oc-3e0">
         <name>.debug_line</name>
         <load_address>0x1dd0</load_address>
         <run_address>0x1dd0</run_address>
         <size>0x3c</size>
         <input_file_ref idref="fl-49"/>
      </object_component>
      <object_component id="oc-28e">
         <name>.debug_line</name>
         <load_address>0x1e0c</load_address>
         <run_address>0x1e0c</run_address>
         <size>0x52</size>
         <input_file_ref idref="fl-4a"/>
      </object_component>
      <object_component id="oc-4cc">
         <name>.debug_line</name>
         <load_address>0x1e5e</load_address>
         <run_address>0x1e5e</run_address>
         <size>0x53</size>
         <input_file_ref idref="fl-4d"/>
      </object_component>
      <object_component id="oc-4d1">
         <name>.debug_line</name>
         <load_address>0x1eb1</load_address>
         <run_address>0x1eb1</run_address>
         <size>0x53</size>
         <input_file_ref idref="fl-4e"/>
      </object_component>
      <object_component id="oc-48b">
         <name>.debug_line</name>
         <load_address>0x1f04</load_address>
         <run_address>0x1f04</run_address>
         <size>0x65</size>
         <input_file_ref idref="fl-4f"/>
      </object_component>
      <object_component id="oc-4ee">
         <name>.debug_line</name>
         <load_address>0x1f69</load_address>
         <run_address>0x1f69</run_address>
         <size>0x49</size>
         <input_file_ref idref="fl-50"/>
      </object_component>
      <object_component id="oc-4e7">
         <name>.debug_line</name>
         <load_address>0x1fb2</load_address>
         <run_address>0x1fb2</run_address>
         <size>0x9e</size>
         <input_file_ref idref="fl-51"/>
      </object_component>
      <object_component id="oc-512">
         <name>.debug_line</name>
         <load_address>0x2050</load_address>
         <run_address>0x2050</run_address>
         <size>0x4b</size>
         <input_file_ref idref="fl-52"/>
      </object_component>
      <object_component id="oc-50a">
         <name>.debug_line</name>
         <load_address>0x209b</load_address>
         <run_address>0x209b</run_address>
         <size>0x4b</size>
         <input_file_ref idref="fl-53"/>
      </object_component>
      <object_component id="oc-379">
         <name>.debug_frame</name>
         <load_address>0x0</load_address>
         <run_address>0x0</run_address>
         <size>0x3c</size>
         <input_file_ref idref="fl-2"/>
      </object_component>
      <object_component id="oc-37f">
         <name>.debug_frame</name>
         <load_address>0x3c</load_address>
         <run_address>0x3c</run_address>
         <size>0x4c</size>
         <input_file_ref idref="fl-2"/>
      </object_component>
      <object_component id="oc-36c">
         <name>.debug_frame</name>
         <load_address>0x88</load_address>
         <run_address>0x88</run_address>
         <size>0x3c</size>
         <input_file_ref idref="fl-2"/>
      </object_component>
      <object_component id="oc-29f">
         <name>.debug_frame</name>
         <load_address>0xc4</load_address>
         <run_address>0xc4</run_address>
         <size>0x44</size>
         <input_file_ref idref="fl-2"/>
      </object_component>
      <object_component id="oc-361">
         <name>.debug_frame</name>
         <load_address>0x108</load_address>
         <run_address>0x108</run_address>
         <size>0x3c</size>
         <input_file_ref idref="fl-3"/>
      </object_component>
      <object_component id="oc-366">
         <name>.debug_frame</name>
         <load_address>0x144</load_address>
         <run_address>0x144</run_address>
         <size>0x3c</size>
         <input_file_ref idref="fl-4"/>
      </object_component>
      <object_component id="oc-31d">
         <name>.debug_frame</name>
         <load_address>0x180</load_address>
         <run_address>0x180</run_address>
         <size>0x3c</size>
         <input_file_ref idref="fl-5"/>
      </object_component>
      <object_component id="oc-373">
         <name>.debug_frame</name>
         <load_address>0x1bc</load_address>
         <run_address>0x1bc</run_address>
         <size>0x40</size>
         <input_file_ref idref="fl-6"/>
      </object_component>
      <object_component id="oc-2a6">
         <name>.debug_frame</name>
         <load_address>0x1fc</load_address>
         <run_address>0x1fc</run_address>
         <size>0x4c</size>
         <input_file_ref idref="fl-6"/>
      </object_component>
      <object_component id="oc-2ab">
         <name>.debug_frame</name>
         <load_address>0x248</load_address>
         <run_address>0x248</run_address>
         <size>0x4c</size>
         <input_file_ref idref="fl-6"/>
      </object_component>
      <object_component id="oc-2b2">
         <name>.debug_frame</name>
         <load_address>0x294</load_address>
         <run_address>0x294</run_address>
         <size>0x3c</size>
         <input_file_ref idref="fl-7"/>
      </object_component>
      <object_component id="oc-40b">
         <name>.debug_frame</name>
         <load_address>0x2d0</load_address>
         <run_address>0x2d0</run_address>
         <size>0x70</size>
         <input_file_ref idref="fl-22"/>
      </object_component>
      <object_component id="oc-2ca">
         <name>.debug_frame</name>
         <load_address>0x340</load_address>
         <run_address>0x340</run_address>
         <size>0x34</size>
         <input_file_ref idref="fl-36"/>
      </object_component>
      <object_component id="oc-3a6">
[...]
         <value>0xffffffff</value>
      </symbol>
      <symbol id="sm-206">
         <name>__TI_prof_data_size</name>
         <value>0xffffffff</value>
      </symbol>
      <symbol id="sm-2a3">
         <name>val</name>
         <value>0x2050</value>
      </symbol>
      <symbol id="sm-2a4">
         <name>i</name>
         <value>0x2082</value>
      </symbol>
      <symbol id="sm-2a5">
         <name>t</name>
         <value>0x2085</value>
      </symbol>
      <symbol id="sm-2a6">
         <name>m</name>
         <value>0x2084</value>
      </symbol>
      <symbol id="sm-2a7">
         <name>dev</name>
         <value>0x207a</value>
      </symbol>
      <symbol id="sm-2a8">
         <name>V_rms</name>
         <value>0x2076</value>
      </symbol>
      <symbol id="sm-2a9">
         <name>squ</name>
         <value>0x207e</value>
      </symbol>
      <symbol id="sm-2aa">
         <name>RMS_value</name>
         <value>0x2072</value>
      </symbol>
      <symbol id="sm-2ab">
         <name>voltage_array</name>
         <value>0x2000</value>
      </symbol>
      <symbol id="sm-2ac">
         <name>ADC_Result</name>
         <value>0x206e</value>
      </symbol>
      <symbol id="sm-2ad">
         <name>ADC_ISR</name>
         <value>0xd976</value>
         <object_component_ref idref="oc-29b"/>
      </symbol>
      <symbol id="sm-2ae">
         <name>Init_ADC</name>
         <value>0xdab6</value>
         <object_component_ref idref="oc-368"/>
      </symbol>
      <symbol id="sm-2af">
         <name>__TI_int48</name>
         <value>0xffe8</value>
         <object_component_ref idref="oc-73"/>
      </symbol>
      <symbol id="sm-2b0">
         <name>average_ADC_val</name>
         <value>0xd0de</value>
         <object_component_ref idref="oc-37a"/>
      </symbol>
      <symbol id="sm-2b1">
         <name>start_ADC</name>
         <value>0xdf72</value>
         <object_component_ref idref="oc-374"/>
      </symbol>
      <symbol id="sm-2bf">
         <name>mySMCLK</name>
         <value>0x208e</value>
         <object_component_ref idref="oc-3c5"/>
      </symbol>
      <symbol id="sm-2c0">
         <name>myMCLK</name>
         <value>0x208a</value>
         <object_component_ref idref="oc-3c5"/>
      </symbol>
      <symbol id="sm-2c1">
         <name>myACLK</name>
         <value>0x2086</value>
         <object_component_ref idref="oc-3c5"/>
      </symbol>
      <symbol id="sm-2c2">
         <name>My_clock</name>
         <value>0xd9e2</value>
         <object_component_ref idref="oc-35c"/>
      </symbol>
      <symbol id="sm-2cb">
         <name>gpio</name>
         <value>0xde6c</value>
         <object_component_ref idref="oc-362"/>
      </symbol>
      <symbol id="sm-2d9">
         <name>main</name>
         <value>0xdd28</value>
         <object_component_ref idref="oc-319"/>
      </symbol>
      <symbol id="sm-30b">
         <name>TIMER1_A1_ISR</name>
         <value>0xde40</value>
         <object_component_ref idref="oc-2a1"/>
      </symbol>
      <symbol id="sm-30c">
         <name>TIMER1_A0_ISR</name>
         <value>0xde98</value>
         <object_component_ref idref="oc-2a7"/>
      </symbol>
      <symbol id="sm-30d">
         <name>__TI_int54</name>
         <value>0xfff4</value>
         <object_component_ref idref="oc-79"/>
      </symbol>
      <symbol id="sm-30e">
         <name>__TI_int53</name>
         <value>0xfff2</value>
         <object_component_ref idref="oc-78"/>
      </symbol>
      <symbol id="sm-30f">
         <name>k</name>
         <value>0x2096</value>
         <object_component_ref idref="oc-306"/>
      </symbol>
      <symbol id="sm-310">
         <name>init_mtimer</name>
         <value>0xd86a</value>
         <object_component_ref idref="oc-36e"/>
      </symbol>
      <symbol id="sm-31a">
         <name>__TI_int56</name>
         <value>0xfff8</value>
         <object_component_ref idref="oc-7b"/>
      </symbol>
      <symbol id="sm-31b">
         <name>TIMER0_A0_ISR</name>
         <value>0xdf9a</value>
         <object_component_ref idref="oc-2ad"/>
      </symbol>
      <symbol id="sm-355">
         <name>sqrtl</name>
         <value>0xcb6a</value>
         <object_component_ref idref="oc-406"/>
      </symbol>
      <symbol id="sm-356">
         <name>sqrt</name>
         <value>0xcb6a</value>
         <object_component_ref idref="oc-406"/>
      </symbol>
      <symbol id="sm-364">
         <name>__mspabi_remul</name>
         <value>0xdb0e</value>
         <object_component_ref idref="oc-3d9"/>
      </symbol>
      <symbol id="sm-365">
         <name>__mspabi_divul</name>
         <value>0xdb0e</value>
         <object_component_ref idref="oc-3d9"/>
      </symbol>
      <symbol id="sm-380">
         <name>__mspabi_subf</name>
         <value>0xd3d8</value>
         <object_component_ref idref="oc-3fb"/>
      </symbol>
      <symbol id="sm-381">
         <name>__mspabi_addf</name>
         <value>0xd3de</value>
         <object_component_ref idref="oc-3fb"/>
      </symbol>
      <symbol id="sm-38e">
         <name>__mspabi_fltif</name>
         <value>0xddd8</value>
         <object_component_ref idref="oc-3e5"/>
      </symbol>
      <symbol id="sm-3a5">
         <name>__mspabi_mpyf</name>
         <value>0xd700</value>
         <object_component_ref idref="oc-3f6"/>
      </symbol>
      <symbol id="sm-3b4">
         <name>__mspabi_fixful</name>
         <value>0xdb66</value>
         <object_component_ref idref="oc-3f1"/>
      </symbol>
      <symbol id="sm-3c0">
         <name>__mspabi_fltulf</name>
         <value>0xde0e</value>
         <object_component_ref idref="oc-3ec"/>
      </symbol>
      <symbol id="sm-3c3">
         <name>__TI_int45</name>
         <value>0xffe2</value>
         <object_component_ref idref="oc-70"/>
      </symbol>
      <symbol id="sm-3c6">
         <name>__TI_int46</name>
         <value>0xffe4</value>
         <object_component_ref idref="oc-71"/>
      </symbol>
      <symbol id="sm-3c9">
         <name>__TI_int47</name>
         <value>0xffe6</value>
         <object_component_ref idref="oc-72"/>
      </symbol>
      <symbol id="sm-3cc">
         <name>__TI_int49</name>
         <value>0xffea</value>
         <object_component_ref idref="oc-74"/>
      </symbol>
      <symbol id="sm-3cf">
         <name>__TI_int50</name>
         <value>0xffec</value>
         <object_component_ref idref="oc-75"/>
      </symbol>
      <symbol id="sm-3d2">
         <name>__TI_int51</name>
         <value>0xffee</value>
         <object_component_ref idref="oc-76"/>
      </symbol>
      <symbol id="sm-3d5">
         <name>__TI_int52</name>
         <value>0xfff0</value>
         <object_component_ref idref="oc-77"/>
      </symbol>
      <symbol id="sm-3d8">
         <name>__TI_int55</name>
         <value>0xfff6</value>
         <object_component_ref idref="oc-7a"/>
      </symbol>
      <symbol id="sm-3db">
         <name>__TI_int57</name>
         <value>0xfffa</value>
         <object_component_ref idref="oc-7c"/>
      </symbol>
      <symbol id="sm-3de">
         <name>__TI_int58</name>
         <value>0xfffc</value>
         <object_component_ref idref="oc-7d"/>
      </symbol>
      <symbol id="sm-3e6">
         <name>__TI_ISR_TRAP</name>
         <value>0xdf88</value>
         <object_component_ref idref="oc-296"/>
      </symbol>
      <symbol id="sm-3f6">
         <name>__mspabi_slll_9</name>
         <value>0xdc88</value>
         <object_component_ref idref="oc-462"/>
      </symbol>
      <symbol id="sm-3f7">
         <name>__mspabi_slll_8</name>
         <value>0xdc8c</value>
         <object_component_ref idref="oc-462"/>
      </symbol>
      <symbol id="sm-3f8">
         <name>__mspabi_slll_7</name>
         <value>0xdc90</value>
         <object_component_ref idref="oc-462"/>
      </symbol>
      <symbol id="sm-3f9">
         <name>__mspabi_slll_6</name>
         <value>0xdc94</value>
         <object_component_ref idref="oc-462"/>
      </symbol>
      <symbol id="sm-3fa">
         <name>__mspabi_slll_5</name>
         <value>0xdc98</value>
         <object_component_ref idref="oc-462"/>
      </symbol>
      <symbol id="sm-3fb">
         <name>__mspabi_slll_4</name>
         <value>0xdc9c</value>
         <object_component_ref idref="oc-462"/>
      </symbol>
      <symbol id="sm-3fc">
         <name>__mspabi_slll_3</name>
         <value>0xdca0</value>
         <object_component_ref idref="oc-462"/>
      </symbol>
      <symbol id="sm-3fd">
         <name>__mspabi_slll_2</name>
         <value>0xdca4</value>
         <object_component_ref idref="oc-462"/>
      </symbol>
      <symbol id="sm-3fe">
         <name>__mspabi_slll_1</name>
         <value>0xdca8</value>
         <object_component_ref idref="oc-462"/>
      </symbol>
      <symbol id="sm-3ff">
         <name>__mspabi_slll</name>
         <value>0xdf52</value>
         <object_component_ref idref="oc-47c"/>
      </symbol>
      <symbol id="sm-400">
         <name>__mspabi_slll_15</name>
         <value>0xdc70</value>
         <object_component_ref idref="oc-462"/>
      </symbol>
      <symbol id="sm-401">
         <name>__mspabi_slll_14</name>
         <value>0xdc74</value>
         <object_component_ref idref="oc-462"/>
      </symbol>
      <symbol id="sm-402">
         <name>__mspabi_slll_13</name>
         <value>0xdc78</value>
         <object_component_ref idref="oc-462"/>
      </symbol>
      <symbol id="sm-403">
         <name>__mspabi_slll_12</name>
         <value>0xdc7c</value>
         <object_component_ref idref="oc-462"/>
      </symbol>
      <symbol id="sm-404">
         <name>__mspabi_slll_11</name>
         <value>0xdc80</value>
         <object_component_ref idref="oc-462"/>
      </symbol>
      <symbol id="sm-405">
         <name>__mspabi_slll_10</name>
         <value>0xdc84</value>
         <object_component_ref idref="oc-462"/>
      </symbol>
      <symbol id="sm-415">
         <name>__mspabi_srll_8</name>
         <value>0xdcca</value>
         <object_component_ref idref="oc-467"/>
      </symbol>
      <symbol id="sm-416">
         <name>__mspabi_srll_9</name>
         <value>0xdcc6</value>
         <object_component_ref idref="oc-467"/>
      </symbol>
      <symbol id="sm-417">
         <name>__mspabi_srll_6</name>
         <value>0xdcd2</value>
         <object_component_ref idref="oc-467"/>
      </symbol>
      <symbol id="sm-418">
         <name>__mspabi_srll_7</name>
         <value>0xdcce</value>
         <object_component_ref idref="oc-467"/>
      </symbol>
      <symbol id="sm-419">
         <name>__mspabi_srll_4</name>
         <value>0xdcda</value>
         <object_component_ref idref="oc-467"/>
      </symbol>
      <symbol id="sm-41a">
         <name>__mspabi_srll_5</name>
         <value>0xdcd6</value>
         <object_component_ref idref="oc-467"/>
      </symbol>
      <symbol id="sm-41b">
         <name>__mspabi_srll_2</name>
         <value>0xdce2</value>
         <object_component_ref idref="oc-467"/>
      </symbol>
      <symbol id="sm-41c">
         <name>__mspabi_srll_3</name>
         <value>0xdcde</value>
         <object_component_ref idref="oc-467"/>
      </symbol>
      <symbol id="sm-41d">
         <name>__mspabi_srll_1</name>
         <value>0xdce6</value>
         <object_component_ref idref="oc-467"/>
      </symbol>
      <symbol id="sm-41e">
         <name>__mspabi_srll_15</name>
         <value>0xdcae</value>
         <object_component_ref idref="oc-467"/>
      </symbol>
      <symbol id="sm-41f">
         <name>__mspabi_srll_14</name>
         <value>0xdcb2</value>
         <object_component_ref idref="oc-467"/>
      </symbol>
      <symbol id="sm-420">
         <name>__mspabi_srll_13</name>
         <value>0xdcb6</value>
         <object_component_ref idref="oc-467"/>
      </symbol>
      <symbol id="sm-421">
         <name>__mspabi_srll_12</name>
         <value>0xdcba</value>
         <object_component_ref idref="oc-467"/>
      </symbol>
      <symbol id="sm-422">
         <name>__mspabi_srll_11</name>
         <value>0xdcbe</value>
         <object_component_ref idref="oc-467"/>
      </symbol>
      <symbol id="sm-423">
         <name>__mspabi_srll_10</name>
         <value>0xdcc2</value>
         <object_component_ref idref="oc-467"/>
      </symbol>
      <symbol id="sm-424">
         <name>__mspabi_srll</name>
         <value>0xdf62</value>
         <object_component_ref idref="oc-477"/>
      </symbol>
      <symbol id="sm-434">
         <name>_stack</name>
         <value>0x2760</value>
         <object_component_ref idref="oc-27b"/>
      </symbol>
      <symbol id="sm-435">
         <name>_c_int00_noargs</name>
         <value>0xdf0a</value>
         <object_component_ref idref="oc-2c5"/>
      </symbol>
      <symbol id="sm-436">
         <name>_reset_vector</name>
         <value>0xfffe</value>
         <object_component_ref idref="oc-27e"/>
      </symbol>
      <symbol id="sm-458">
         <name>__TI_auto_init_nobinit_nopinit_hold_wdt</name>
         <value>0xda4c</value>
         <object_component_ref idref="oc-3a5"/>
      </symbol>
      <symbol id="sm-468">
         <name>__TI_zero_init_nomemset</name>
         <value>0xdc32</value>
         <object_component_ref idref="oc-2b3"/>
      </symbol>
      <symbol id="sm-47c">
         <name>__mspabi_srlll</name>
         <value>0xdd9e</value>
         <object_component_ref idref="oc-4ef"/>
      </symbol>
      <symbol id="sm-485">
         <name>_system_pre_init</name>
         <value>0xdf96</value>
         <object_component_ref idref="oc-313"/>
      </symbol>
      <symbol id="sm-48e">
         <name>_system_post_cinit</name>
         <value>0xdf9c</value>
         <object_component_ref idref="oc-42d"/>
      </symbol>
      <symbol id="sm-49f">
         <name>__TI_decompress_none</name>
         <value>0xdcec</value>
         <object_component_ref idref="oc-6a"/>
      </symbol>
      <symbol id="sm-4c0">
         <name>__TI_decompress_lzss</name>
         <value>0xd612</value>
         <object_component_ref idref="oc-64"/>
      </symbol>
      <symbol id="sm-4fa">
         <name>__mspabi_addd</name>
         <value>0xc440</value>
         <object_component_ref idref="oc-46e"/>
      </symbol>
      <symbol id="sm-514">
         <name>__mspabi_fltuld</name>
         <value>0xd8f6</value>
         <object_component_ref idref="oc-400"/>
      </symbol>
      <symbol id="sm-53a">
         <name>__mspabi_mpyd</name>
         <value>0xce46</value>
         <object_component_ref idref="oc-414"/>
      </symbol>
      <symbol id="sm-54f">
         <name>__mspabi_cvtdf</name>
         <value>0xd7b8</value>
         <object_component_ref idref="oc-40c"/>
      </symbol>
      <symbol id="sm-559">
         <name>C$$EXIT</name>
         <value>0xdf90</value>
         <object_component_ref idref="oc-381"/>
      </symbol>
      <symbol id="sm-55a">
         <name>abort</name>
         <value>0xdf90</value>
         <object_component_ref idref="oc-381"/>
      </symbol>
      <symbol id="sm-56a">
         <name>memcpy</name>
         <value>0xdf40</value>
         <object_component_ref idref="oc-3ce"/>
      </symbol>
      <symbol id="sm-571">
         <name>errno</name>
         <value>0x2098</value>
         <object_component_ref idref="oc-474"/>
      </symbol>
      <symbol id="sm-57b">
         <name>abs</name>
         <value>0xdf7e</value>
         <object_component_ref idref="oc-3df"/>
      </symbol>
      <symbol id="sm-586">
         <name>__memcpy_far</name>
         <value>0xdbb2</value>
         <object_component_ref idref="oc-28a"/>
      </symbol>
      <symbol id="sm-595">
         <name>__mspabi_srall</name>
         <value>0xdbf2</value>
         <object_component_ref idref="oc-4ca"/>
      </symbol>
      <symbol id="sm-5a2">
         <name>__mspabi_sllll</name>
         <value>0xdd64</value>
         <object_component_ref idref="oc-4d0"/>
      </symbol>
      <symbol id="sm-5ad">
         <name>__TI_frcmpyd</name>
         <value>0xd274</value>
         <object_component_ref idref="oc-48a"/>
      </symbol>
      <symbol id="sm-5b5">
         <name>__mspabi_mpyull_sw</name>
         <value>0xdf26</value>
         <object_component_ref idref="oc-4ea"/>
      </symbol>
      <symbol id="sm-5b6">
         <name>__mspabi_mpyull</name>
         <value>0xdf26</value>
         <object_component_ref idref="oc-4ea"/>
      </symbol>
      <symbol id="sm-5be">
         <name>__mspabi_mpyll</name>
         <value>0xd50a</value>
         <object_component_ref idref="oc-4e5"/>
      </symbol>
      <symbol id="sm-5bf">
         <name>__mspabi_mpyll_sw</name>
         <value>0xd50a</value>
         <object_component_ref idref="oc-4e5"/>
      </symbol>
      <symbol id="sm-5ca">
         <name>__mspabi_mpyul_sw</name>
         <value>0xdee8</value>
         <object_component_ref idref="oc-50e"/>
      </symbol>
      <symbol id="sm-5cb">
         <name>__mspabi_mpyul</name>
         <value>0xdee8</value>
         <object_component_ref idref="oc-50e"/>
      </symbol>
      <symbol id="sm-5d5">
         <name>__mspabi_mpyl_sw</name>
         <value>0xdec2</value>
         <object_component_ref idref="oc-509"/>
      </symbol>
      <symbol id="sm-5d6">
         <name>__mspabi_mpyl</name>
         <value>0xdec2</value>
         <object_component_ref idref="oc-509"/>
      </symbol>
      <symbol id="sm-5da">
         <name>ADC_startConversion</name>
         <value>0x0</value>
      </symbol>
      <symbol id="sm-5db">
         <name>ADC_init</name>
         <value>0x0</value>
      </symbol>
      <symbol id="sm-5dc">
         <name>ADC_enable</name>
         <value>0x0</value>
      </symbol>
      <symbol id="sm-5dd">
         <name>ADC_setupSamplingTimer</name>
         <value>0x0</value>
      </symbol>
      <symbol id="sm-5de">
         <name>ADC_setResolution</name>
         <value>0x0</value>
      </symbol>
      <symbol id="sm-5df">
         <name>ADC_configureMemory</name>
         <value>0x0</value>
      </symbol>
      <symbol id="sm-5e0">
         <name>ADC_clearInterrupt</name>
         <value>0x0</value>
      </symbol>
      <symbol id="sm-5e1">
         <name>ADC_enableInterrupt</name>
         <value>0x0</value>
      </symbol>
      <symbol id="sm-5e2">
         <name>CS_getACLK</name>
         <value>0x0</value>
      </symbol>
      <symbol id="sm-5e3">
         <name>CS_getSMCLK</name>
         <value>0x0</value>
      </symbol>
      <symbol id="sm-5e4">
         <name>CS_getMCLK</name>
         <value>0x0</value>
      </symbol>
      <symbol id="sm-5e5">
         <name>CS_initClockSignal</name>
         <value>0x0</value>
      </symbol>
      <symbol id="sm-5e6">
         <name>CS_initFLLSettle</name>
         <value>0x0</value>
      </symbol>
      <symbol id="sm-5e7">
         <name>GPIO_setAsPeripheralModuleFunctionInputPin</name>
         <value>0x0</value>
      </symbol>
      <symbol id="sm-5e8">
         <name>GPIO_setAsOutputPin</name>
         <value>0x0</value>
      </symbol>
      <symbol id="sm-5e9">
         <name>PMM_unlockLPM5</name>
         <value>0x0</value>
      </symbol>
      <symbol id="sm-5ea">
         <name>WDT_A_hold</name>
         <value>0x0</value>
      </symbol>
      <symbol id="sm-5eb">
         <name>Timer_A_startCounter</name>
         <value>0x0</value>
      </symbol>
      <symbol id="sm-5ec">
         <name>Timer_A_initUpMode</name>
         <value>0x0</value>
      </symbol>
      <symbol id="sm-5ed">
         <name>Timer_A_clearCaptureCompareInterrupt</name>
         <value>0x0</value>
      </symbol>
      <symbol id="sm-5ee">
         <name>Timer_A_initCompareMode</name>
         <value>0x0</value>
      </symbol>
      <symbol id="sm-5ef">
         <name>GPIO_toggleOutputOnPin</name>
         <value>0x0</value>
      </symbol>
   </symbol_table>
   <title>Link errors: red sections failed placement</title>
</link_info>
